This is pdfTeX, Version 3.1415926-1.40.10 (TeX Live 2009/openSUSE) (format=latex 2012.2.16)  20 FEB 2012 08:23
entering extended mode
 %&-line parsing enabled.
**./images.tex
(./images.tex
LaTeX2e <2009/09/24>
Babel <v3.8l> and hyphenation patterns for english, usenglishmax, dumylang, noh
yphenation, german-x-2009-06-19, ngerman-x-2009-06-19, ancientgreek, ibycus, ar
abic, basque, bulgarian, catalan, pinyin, coptic, croatian, czech, danish, dutc
h, esperanto, estonian, farsi, finnish, french, galician, german, ngerman, mono
greek, greek, hungarian, icelandic, indonesian, interlingua, irish, italian, ku
rmanji, latin, latvian, lithuanian, mongolian, mongolian2a, bokmal, nynorsk, po
lish, portuguese, romanian, russian, sanskrit, serbian, slovak, slovenian, span
ish, swedish, turkish, ukenglish, ukrainian, uppersorbian, welsh, loaded.

(/usr/share/texmf/tex/latex/base/report.cls
Document Class: report 2007/10/19 v1.4h Standard LaTeX document class
(/usr/share/texmf/tex/latex/base/size10.clo
File: size10.clo 2007/10/19 v1.4h Standard LaTeX file (size option)
)
\c@part=\count79
\c@chapter=\count80
\c@section=\count81
\c@subsection=\count82
\c@subsubsection=\count83
\c@paragraph=\count84
\c@subparagraph=\count85
\c@figure=\count86
\c@table=\count87
\abovecaptionskip=\skip41
\belowcaptionskip=\skip42
\bibindent=\dimen102
) (/usr/share/texmf/tex/latex/base/ifthen.sty
Package: ifthen 2001/05/26 v1.1c Standard LaTeX ifthen package (DPC)
) (/usr/share/texmf/tex/latex/amsmath/amsmath.sty
Package: amsmath 2000/07/18 v2.13 AMS math features
\@mathmargin=\skip43
For additional information on amsmath, use the `?' option.
(/usr/share/texmf/tex/latex/amsmath/amstext.sty
Package: amstext 2000/06/29 v2.01
(/usr/share/texmf/tex/latex/amsmath/amsgen.sty
File: amsgen.sty 1999/11/30 v2.0
\@emptytoks=\toks14
\ex@=\dimen103
)) (/usr/share/texmf/tex/latex/amsmath/amsbsy.sty
Package: amsbsy 1999/11/29 v1.2d
\pmbraise@=\dimen104
) (/usr/share/texmf/tex/latex/amsmath/amsopn.sty
Package: amsopn 1999/12/14 v2.01 operator names
)
\inf@bad=\count88
LaTeX Info: Redefining \frac on input line 211.
\uproot@=\count89
\leftroot@=\count90
LaTeX Info: Redefining \overline on input line 307.
\classnum@=\count91
\DOTSCASE@=\count92
LaTeX Info: Redefining \ldots on input line 379.
LaTeX Info: Redefining \dots on input line 382.
LaTeX Info: Redefining \cdots on input line 467.
\Mathstrutbox@=\box26
\strutbox@=\box27
\big@size=\dimen105
LaTeX Font Info:    Redeclaring font encoding OML on input line 567.
LaTeX Font Info:    Redeclaring font encoding OMS on input line 568.
\macc@depth=\count93
\c@MaxMatrixCols=\count94
\dotsspace@=\muskip10
\c@parentequation=\count95
\dspbrk@lvl=\count96
\tag@help=\toks15
\row@=\count97
\column@=\count98
\maxfields@=\count99
\andhelp@=\toks16
\eqnshift@=\dimen106
\alignsep@=\dimen107
\tagshift@=\dimen108
\tagwidth@=\dimen109
\totwidth@=\dimen110
\lineht@=\dimen111
\@envbody=\toks17
\multlinegap=\skip44
\multlinetaggap=\skip45
\mathdisplay@stack=\toks18
LaTeX Info: Redefining \[ on input line 2666.
LaTeX Info: Redefining \] on input line 2667.
) (/usr/share/texmf/tex/latex/amsfonts/amssymb.sty
Package: amssymb 2009/06/22 v3.00
(/usr/share/texmf/tex/latex/amsfonts/amsfonts.sty
Package: amsfonts 2009/06/22 v3.00 Basic AMSFonts support
\symAMSa=\mathgroup4
\symAMSb=\mathgroup5
LaTeX Font Info:    Overwriting math alphabet `\mathfrak' in version `bold'
(Font)                  U/euf/m/n --> U/euf/b/n on input line 96.
)) (/usr/share/texmf/tex/latex/graphics/color.sty
Package: color 2005/11/14 v1.0j Standard LaTeX Color (DPC)
(/usr/share/texmf/tex/latex/latexconfig/color.cfg
File: color.cfg 2007/01/18 v1.5 color configuration of teTeX/TeXLive
)
Package color Info: Driver file: dvips.def on input line 130.
(/usr/share/texmf/tex/latex/graphics/dvips.def
File: dvips.def 1999/02/16 v3.0i Driver-dependant file (DPC,SPQR)
) (/usr/share/texmf/tex/latex/graphics/dvipsnam.def
File: dvipsnam.def 1999/02/16 v3.0i Driver-dependant file (DPC,SPQR)
)) (/usr/share/texmf/tex/latex/base/inputenc.sty
Package: inputenc 2008/03/30 v1.1d Input encoding file
\inpenc@prehook=\toks19
\inpenc@posthook=\toks20
)
\sizebox=\box28
\lthtmlwrite=\write3
No file images.aux.
\openout1 = `images.aux'.

LaTeX Font Info:    Checking defaults for OML/cmm/m/it on input line 132.
LaTeX Font Info:    ... okay on input line 132.
LaTeX Font Info:    Checking defaults for T1/cmr/m/n on input line 132.
LaTeX Font Info:    ... okay on input line 132.
LaTeX Font Info:    Checking defaults for OT1/cmr/m/n on input line 132.
LaTeX Font Info:    ... okay on input line 132.
LaTeX Font Info:    Checking defaults for OMS/cmsy/m/n on input line 132.
LaTeX Font Info:    ... okay on input line 132.
LaTeX Font Info:    Checking defaults for OMX/cmex/m/n on input line 132.
LaTeX Font Info:    ... okay on input line 132.
LaTeX Font Info:    Checking defaults for U/cmr/m/n on input line 132.
LaTeX Font Info:    ... okay on input line 132.

latex2htmlLength hsize=349.0pt

latex2htmlLength vsize=633.0pt

latex2htmlLength hoffset=0.0pt

latex2htmlLength voffset=0.0pt

latex2htmlLength topmargin=0.0pt

latex2htmlLength topskip=0.00003pt

latex2htmlLength headheight=0.0pt

latex2htmlLength headsep=0.0pt

latex2htmlLength parskip=10.00002pt

latex2htmlLength oddsidemargin=62.0pt

latex2htmlLength evensidemargin=62.0pt

LaTeX Font Info:    Try loading font information for U+msa on input line 156.
(/usr/share/texmf/tex/latex/amsfonts/umsa.fd
File: umsa.fd 2009/06/22 v3.00 AMS symbols A
)
LaTeX Font Info:    Try loading font information for U+msb on input line 156.
(/usr/share/texmf/tex/latex/amsfonts/umsb.fd
File: umsb.fd 2009/06/22 v3.00 AMS symbols B
)
l2hSize :tex2html_wrap_inline366:8.0pt::8.0pt::22.90419pt.
[1



]
l2hSize :tex2html_wrap_inline368:8.0pt::8.0pt::20.37273pt.
[2


]
l2hSize :tex2html_wrap_inline370:8.0pt::8.0pt::22.21298pt.
[3


]
l2hSize :tex2html_wrap_inline372:8.0pt::8.0pt::18.2778pt.
[4


]
l2hSize :tex2html_wrap_inline374:8.91226pt::8.91226pt::74.36191pt.
[5


]
l2hSize :tex2html_wrap_inline376:6.45831pt::0.0pt::6.50238pt.
[6


]
l2hSize :tex2html_wrap_indisplay378:13.70952pt::13.70952pt::156.7537pt.
[7


]
l2hSize :tex2html_wrap_indisplay379:8.0pt::8.0pt::95.91411pt.
[8


]
l2hSize :tex2html_wrap_inline381:6.95831pt::6.95831pt::6.72917pt.
[9


]
l2hSize :tex2html_wrap_inline383:8.91226pt::8.91226pt::99.45947pt.
[10


]
l2hSize :tex2html_wrap_inline385:6.86111pt::0.0pt::8.68054pt.
[11


]
l2hSize :tex2html_wrap_inline387:8.0pt::8.0pt::23.36108pt.
[12


]
l2hSize :tex2html_wrap_inline389:8.0pt::8.0pt::31.92355pt.
[13


]
l2hSize :tex2html_wrap_inline391:8.0pt::8.0pt::21.25pt.
[14


]
l2hSize :tex2html_wrap_inline393:8.0pt::8.0pt::36.61102pt.
[15


]
l2hSize :tex2html_wrap_inline395:8.0pt::8.0pt::28.95135pt.
[16


]
l2hSize :tex2html_wrap_inline399:8.0pt::8.0pt::33.04625pt.
[17


]
l2hSize :tex2html_wrap_indisplay401:8.0pt::8.0pt::111.39081pt.
[18


]
l2hSize :tex2html_wrap_indisplay402:14.03899pt::14.03899pt::155.30223pt.
[19


]
l2hSize :tex2html_wrap_inline404:8.0pt::8.0pt::32.743pt.
[20


]
l2hSize :tex2html_wrap_inline406:6.95831pt::6.95831pt::6.88889pt.
[21


]
l2hSize :tex2html_wrap_inline408:8.0pt::8.0pt::27.91437pt.
[22


]
l2hSize :tex2html_wrap_inline410:7.36111pt::7.36111pt::12.67648pt.
[23


]
l2hSize :tex2html_wrap_inline412:6.95831pt::6.95831pt::10.93813pt.
[24


]
l2hSize :tex2html_wrap_inline414:8.0pt::8.0pt::79.08467pt.
[25


]
l2hSize :tex2html_wrap_inline416:6.95831pt::6.95831pt::18.2787pt.
[26


]
l2hSize :tex2html_wrap_inline418:6.95831pt::6.95831pt::12.2913pt.
[27


]
l2hSize :tex2html_wrap_indisplay420:9.41226pt::9.41226pt::338.01532pt.
[28


]
l2hSize :tex2html_wrap_inline422:6.95831pt::6.95831pt::61.9944pt.
[29


]
l2hSize :tex2html_wrap_inline424:6.88889pt::0.0pt::7.72226pt.
[30


]
l2hSize :tex2html_wrap_indisplay426:9.99995pt::9.99995pt::81.23112pt.
[31


]
l2hSize :tex2html_wrap_inline428:8.0pt::8.0pt::46.12004pt.
[32


]
l2hSize :tex2html_wrap_inline432:6.95831pt::6.95831pt::26.84718pt.
[33


]
l2hSize :tex2html_wrap_indisplay434:13.70952pt::13.70952pt::174.14563pt.
[34


]
l2hSize :tex2html_wrap_indisplay435:10.2778pt::10.2778pt::100.33348pt.
[35


]
l2hSize :tex2html_wrap_inline437:10.2778pt::10.2778pt::55.57669pt.
[36


]
l2hSize :tex2html_wrap_inline439:10.2778pt::10.2778pt::69.41187pt.
[37


]
l2hSize :tex2html_wrap_inline441:10.2778pt::10.2778pt::54.37447pt.
[38


]
l2hSize :tex2html_wrap_inline443:10.2778pt::10.2778pt::54.27339pt.
[39


]
l2hSize :tex2html_wrap_inline445:8.1389pt::8.1389pt::78.92569pt.
[40


]
l2hSize :tex2html_wrap_indisplay447:14.03899pt::14.03899pt::141.96896pt.
[41


]
l2hSize :tex2html_wrap_inline451:6.45831pt::0.0pt::7.69446pt.
[42


]
l2hSize :tex2html_wrap_inline455:10.2778pt::10.2778pt::32.743pt.
[43


]
l2hSize :tex2html_wrap_indisplay457:10.2778pt::10.2778pt::105.65831pt.
[44


]
l2hSize :tex2html_wrap_inline459:10.2778pt::10.2778pt::21.90973pt.
[45


]
l2hSize :tex2html_wrap_indisplay462:10.2778pt::10.2778pt::148.38051pt.
[46


]
l2hSize :tex2html_wrap_indisplay463:11.6945pt::11.6945pt::124.60274pt.
[47


] (./images.aux) ) 
Here is how much of TeX's memory you used:
 1529 strings out of 493849
 17696 string characters out of 3155837
 63053 words of memory out of 3500000
 4830 multiletter control sequences out of 15000+200000
 8096 words of font info for 31 fonts, out of 3000000 for 9000
 714 hyphenation exceptions out of 8191
 27i,7n,24p,239b,149s stack positions out of 5000i,500n,10000p,200000b,50000s

Output written on images.dvi (47 pages, 12912 bytes).
